
> @umcp/sdk@0.0.0-experimental test
> node --test tests/*.test.mjs

TAP version 13
# Subtest: write forwards an idempotency key and never an owner id
ok 1 - write forwards an idempotency key and never an owner id
  ---
  duration_ms: 1.635583
  ...
# Subtest: destructive calls require an idempotency key
ok 2 - destructive calls require an idempotency key
  ---
  duration_ms: 0.095416
  ...
1..2
# tests 2
# suites 0
# pass 2
# fail 0
# cancelled 0
# skipped 0
# todo 0
# duration_ms 69.977583

> @umcp/web-shell@0.0.0-preview check
> node --check src/app.js && node --check src/admin-adapter.js


> @umcp/web-shell@0.0.0-preview test
> node --test tests/*.test.mjs

TAP version 13
# Subtest: browser bootstrap enables only an explicitly configured same-origin Admin API
ok 1 - browser bootstrap enables only an explicitly configured same-origin Admin API
  ---
  duration_ms: 1.053125
  ...
# Subtest: HTTP adapter carries CSRF only after verified callback
ok 2 - HTTP adapter carries CSRF only after verified callback
  ---
  duration_ms: 23.45975
  ...
# Subtest: HTTP adapter exposes only server-owned control-plane paths
ok 3 - HTTP adapter exposes only server-owned control-plane paths
  ---
  duration_ms: 2.183083
  ...
1..3
# tests 3
# suites 0
# pass 3
# fail 0
# cancelled 0
# skipped 0
# todo 0
# duration_ms 92.398958

> @umcp/web-shell@0.0.0-preview build
> node scripts/build.mjs

web build complete: dist/
